yu@yu:~$ sudo ufw enable
[sudo] password for yu: 
Firewall is active and enabled on system startup
yu@yu:~$ sudo ufw allow ssh
Skipping adding existing rule
Skipping adding existing rule (v6)
yu@yu:~$ sudo ufw allow http
Skipping adding existing rule
Skipping adding existing rule (v6)
yu@yu:~$ sudo ufw allow https
Skipping adding existing rule
Skipping adding existing rule (v6)
yu@yu:~$ sudo ufw allow 8080/tcp
Rule added
Rule added (v6)
yu@yu:~$ sudo ufw allow 1000:2000/tcp
Rule added
Rule added (v6)
yu@yu:~$ sudo ufw allow from 192.168.1.100
Rule added
yu@yu:~$ sudo ufw allow from 192.168.1.0/24
Rule added
yu@yu:~$ sudo ufw deny 23/tcp
Rule added
Rule added (v6)
yu@yu:~$ sudo ufw deny from 203.0.113.0
Rule added
yu@yu:~$ sudo ufw status verbose
Status: active
Logging: on (low)
Default: deny (incoming), allow (outgoing), disabled (routed)
New profiles: skip

To                         Action      From
--                         ------      ----
22/tcp                     ALLOW IN    Anywhere                  
80/tcp                     ALLOW IN    Anywhere                  
443                        ALLOW IN    Anywhere                  
8080/tcp                   ALLOW IN    Anywhere                  
1000:2000/tcp              ALLOW IN    Anywhere                  
Anywhere                   ALLOW IN    192.168.1.100             
Anywhere                   ALLOW IN    192.168.1.0/24            
23/tcp                     DENY IN     Anywhere                  
Anywhere                   DENY IN     203.0.113.0               
22/tcp (v6)                ALLOW IN    Anywhere (v6)             
80/tcp (v6)                ALLOW IN    Anywhere (v6)             
443 (v6)                   ALLOW IN    Anywhere (v6)             
8080/tcp (v6)              ALLOW IN    Anywhere (v6)             
1000:2000/tcp (v6)         ALLOW IN    Anywhere (v6)             
23/tcp (v6)                DENY IN     Anywhere (v6)             

yu@yu:~$ sudo ufw status numbered
Status: active

     To                         Action      From
     --                         ------      ----
[ 1] 22/tcp                     ALLOW IN    Anywhere                  
[ 2] 80/tcp                     ALLOW IN    Anywhere                  
[ 3] 443                        ALLOW IN    Anywhere                  
[ 4] 8080/tcp                   ALLOW IN    Anywhere                  
[ 5] 1000:2000/tcp              ALLOW IN    Anywhere                  
[ 6] Anywhere                   ALLOW IN    192.168.1.100             
[ 7] Anywhere                   ALLOW IN    192.168.1.0/24            
[ 8] 23/tcp                     DENY IN     Anywhere                  
[ 9] Anywhere                   DENY IN     203.0.113.0               
[10] 22/tcp (v6)                ALLOW IN    Anywhere (v6)             
[11] 80/tcp (v6)                ALLOW IN    Anywhere (v6)             
[12] 443 (v6)                   ALLOW IN    Anywhere (v6)             
[13] 8080/tcp (v6)              ALLOW IN    Anywhere (v6)             
[14] 1000:2000/tcp (v6)         ALLOW IN    Anywhere (v6)             
[15] 23/tcp (v6)                DENY IN     Anywhere (v6)             

yu@yu:~$ sudo ufw delete 2
Deleting:
 allow 80/tcp
Proceed with operation (y|n)? y
Rule deleted
yu@yu:~$ sudo ufw delete allow 8080/tcp
Rule deleted
Rule deleted (v6)
yu@yu:~$ sudo ufw logging on
Logging enabled
yu@yu:~$ sudo ufw default deny incoming
Default incoming policy changed to 'deny'
(be sure to update your rules accordingly)
yu@yu:~$ sudo ufw default allow outgoing
Default outgoing policy changed to 'allow'
(be sure to update your rules accordingly)
yu@yu:~$ sudo ufw app list
Available applications:
  CUPS
yu@yu:~$ sudo ufw allow 'Nginx Full'
ERROR: Could not find a profile matching 'Nginx Full'
yu@yu:~$ sudo ufw allow 'CUPS'
Rule added
Rule added (v6)
yu@yu:~$ nmap -v -A 192.168.1.10
Command 'nmap' not found, but can be installed with:
sudo snap install nmap  # version 7.95, or
sudo apt  install nmap  # version 7.94+git20230807.3be01efb1+dfsg-2
See 'snap info nmap' for additional versions.
